Copyright 1986-2018 Xilinx, Inc. All Rights Reserved.
------------------------------------------------------------------------------------
| Tool Version : Vivado v.2018.2 (lin64) Build 2258646 Thu Jun 14 20:02:38 MDT 2018
| Date         : Sat Jan 12 00:53:43 2019
| Host         : clevo-n855hk running 64-bit Ubuntu 16.04.5 LTS
| Command      : report_control_sets -verbose -file top_control_sets_placed.rpt
| Design       : top
| Device       : xc7a100t
------------------------------------------------------------------------------------

Control Set Information

Table of Contents
-----------------
1. Summary
2. Histogram
3. Flip-Flop Distribution
4. Detailed Control Set Information

1. Summary
----------

+----------------------------------------------------------+-------+
|                          Status                          | Count |
+----------------------------------------------------------+-------+
| Number of unique control sets                            |    19 |
| Unused register locations in slices containing registers |    54 |
+----------------------------------------------------------+-------+


2. Histogram
------------

+--------+--------------+
| Fanout | Control Sets |
+--------+--------------+
|      2 |            3 |
|      8 |            7 |
|     10 |            1 |
|     12 |            2 |
|     14 |            1 |
|    16+ |            5 |
+--------+--------------+


3. Flip-Flop Distribution
-------------------------

+--------------+-----------------------+------------------------+-----------------+--------------+
| Clock Enable | Synchronous Set/Reset | Asynchronous Set/Reset | Total Registers | Total Slices |
+--------------+-----------------------+------------------------+-----------------+--------------+
| No           | No                    | No                     |             216 |           36 |
| No           | No                    | Yes                    |               0 |            0 |
| No           | Yes                   | No                     |              50 |            9 |
| Yes          | No                    | No                     |              48 |            8 |
| Yes          | No                    | Yes                    |               0 |            0 |
| Yes          | Yes                   | No                     |               0 |            0 |
+--------------+-----------------------+------------------------+-----------------+--------------+


4. Detailed Control Set Information
-----------------------------------

+---------------------------------------------+----------------------------------------------+--------------------------------------------+------------------+----------------+
|                 Clock Signal                |                 Enable Signal                |              Set/Reset Signal              | Slice Load Count | Bel Load Count |
+---------------------------------------------+----------------------------------------------+--------------------------------------------+------------------+----------------+
|                                             |                                              | FSM_Inst/FSM_G_Data_Signal_reg[0]_i_2_n_0  |                1 |              2 |
|                                             |                                              | FSM_Inst/FSM_G_Data_Signal_reg[1]_i_2_n_0  |                1 |              2 |
|                                             |                                              | FSM_Inst/FSM_G_Data_Signal_reg[2]_i_2_n_0  |                1 |              2 |
|                                             |                                              | FSM_Inst/FSM_G_Data_Signal_reg[19]_i_3_n_0 |                1 |              8 |
|  DEB_Array[1].DEBOUNCER_Inst/BTNS_Signal_1  | FSM_Inst/BUF_Passcode[3]_i_1_n_0             |                                            |                1 |              8 |
|  DEB_Array[1].DEBOUNCER_Inst/BTNS_Signal_1  | FSM_Inst/BUF_Passcode[19]_i_1_n_0            |                                            |                1 |              8 |
|  DEB_Array[1].DEBOUNCER_Inst/BTNS_Signal_1  | FSM_Inst/BUF_Passcode[7]_i_1_n_0             |                                            |                1 |              8 |
|  DEB_Array[1].DEBOUNCER_Inst/BTNS_Signal_1  | FSM_Inst/BUF_Passcode[15]_i_1_n_0            |                                            |                1 |              8 |
|  DEB_Array[1].DEBOUNCER_Inst/BTNS_Signal_1  | FSM_Inst/BUF_Passcode[11]_i_1_n_0            |                                            |                2 |              8 |
|  CLK_USER_Signal_BUFG                       | FSM_Inst/FSM_sequential_State_reg[3]_i_1_n_0 |                                            |                2 |              8 |
| ~CLK_USER_Signal_BUFG                       |                                              | CLOCK_GEN_Inst/clear                       |                1 |             10 |
|  FSM_Inst/CLK                               |                                              |                                            |                1 |             12 |
|  FSM_Inst/FSM_RAND_EN_i_1_n_0               |                                              |                                            |                4 |             12 |
|  CLOCK_GEN_Inst/User_Counter_reg[0]_0       |                                              |                                            |                3 |             14 |
| ~CLK_USER_Signal_BUFG                       |                                              |                                            |                4 |             20 |
|  FSM_Inst/FSM_G_Data_Signal_reg[19]_i_2_n_0 |                                              | FSM_Inst/FSM_G_Data_Signal_reg[19]_i_3_n_0 |                4 |             26 |
|  CLK_USER_Signal_BUFG                       |                                              |                                            |                9 |             50 |
|  CLK100MHZ_IBUF_BUFG                        |                                              |                                            |                6 |             52 |
|  FSM_Inst/E[0]                              |                                              |                                            |                9 |             56 |
+---------------------------------------------+----------------------------------------------+--------------------------------------------+------------------+----------------+


