Copyright 1986-2018 Xilinx, Inc. All Rights Reserved.
------------------------------------------------------------------------------------
| Tool Version : Vivado v.2018.2 (lin64) Build 2258646 Thu Jun 14 20:02:38 MDT 2018
| Date         : Wed Dec 19 11:32:00 2018
| Host         : Aurora-St-Plus running 64-bit Ubuntu 16.04.5 LTS
| Command      : report_control_sets -verbose -file top_control_sets_placed.rpt
| Design       : top
| Device       : xc7a100t
------------------------------------------------------------------------------------

Control Set Information

Table of Contents
-----------------
1. Summary
2. Histogram
3. Flip-Flop Distribution
4. Detailed Control Set Information

1. Summary
----------

+----------------------------------------------------------+-------+
|                          Status                          | Count |
+----------------------------------------------------------+-------+
| Number of unique control sets                            |     5 |
| Unused register locations in slices containing registers |    16 |
+----------------------------------------------------------+-------+


2. Histogram
------------

+--------+--------------+
| Fanout | Control Sets |
+--------+--------------+
|      2 |            1 |
|      4 |            2 |
|     14 |            1 |
|    16+ |            1 |
+--------+--------------+


3. Flip-Flop Distribution
-------------------------

+--------------+-----------------------+------------------------+-----------------+--------------+
| Clock Enable | Synchronous Set/Reset | Asynchronous Set/Reset | Total Registers | Total Slices |
+--------------+-----------------------+------------------------+-----------------+--------------+
| No           | No                    | No                     |              54 |            9 |
| No           | No                    | Yes                    |               0 |            0 |
| No           | Yes                   | No                     |               2 |            1 |
| Yes          | No                    | No                     |               0 |            0 |
| Yes          | No                    | Yes                    |               0 |            0 |
| Yes          | Yes                   | No                     |               0 |            0 |
+--------------+-----------------------+------------------------+-----------------+--------------+


4. Detailed Control Set Information
-----------------------------------

+------------------------------+---------------+------------------+------------------+----------------+
|         Clock Signal         | Enable Signal | Set/Reset Signal | Slice Load Count | Bel Load Count |
+------------------------------+---------------+------------------+------------------+----------------+
|  CLOCK_GEN_Inst/LED_CLK_USER |               | BTND_IBUF        |                1 |              2 |
|  CLOCK_GEN_Inst/LED_CLK_USER |               |                  |                1 |              4 |
|  CLK100MHZ_IBUF_BUFG         |               |                  |                1 |              4 |
|  CLOCK_GEN_Inst/CLK          |               |                  |                3 |             14 |
|  CLOCK_GEN_Inst/clk          |               |                  |                4 |             32 |
+------------------------------+---------------+------------------+------------------+----------------+


